npm warn Unknown env config "devdir". This will stop working in the next major version of npm.

> tasks-temp@0.1.0 start
> next start

▲ Next.js 16.3.3
- Local:         http://localhost:3000
- Network:       http://192.168.219.100:3000
✓ Ready in 113ms
✓ Running next.config.ts took 63ms

> tasks-temp@0.1.0 start
> next start

▲ Next.js 16.3.3
- Local:         http://localhost:3000
- Network:       http://192.168.219.100:3000
✓ Ready in 59ms
✓ Running next.config.ts took 13ms

> tasks-temp@0.1.0 start
> next start

▲ Next.js 16.3.3
- Local:         http://localhost:3000
- Network:       http://192.168.219.100:3000
✓ Ready in 87ms
✓ Running next.config.ts took 16ms
npm warn Unknown env config "devdir". This will stop working in the next major version of npm.

> tasks-temp@0.1.0 start
> next start

▲ Next.js 16.3.3
- Local:         http://localhost:3000
- Network:       http://192.168.219.100:3000
✓ Ready in 69ms
✓ Running next.config.ts took 15ms
npm warn Unknown env config "devdir". This will stop working in the next major version of npm.

> tasks-temp@0.1.0 start
> next start

▲ Next.js 16.3.3
- Local:         http://localhost:3000
- Network:       http://192.168.219.100:3000
✓ Ready in 67ms
✓ Running next.config.ts took 16ms
npm warn Unknown env config "devdir". This will stop working in the next major version of npm.

> tasks-temp@0.1.0 start
> next start

▲ Next.js 16.3.3
- Local:         http://localhost:3000
- Network:       http://192.168.219.100:3000
✓ Ready in 65ms
✓ Running next.config.ts took 17ms

> tasks-temp@0.1.0 start
> next start

▲ Next.js 16.3.3
- Local:         http://localhost:3000
- Network:       http://192.168.219.100:3000
✓ Ready in 74ms
✓ Running next.config.ts took 14ms
npm warn Unknown env config "devdir". This will stop working in the next major version of npm.

> tasks-temp@0.1.0 start
> next start

▲ Next.js 16.3.3
- Local:         http://localhost:3000
- Network:       http://192.168.219.100:3000
✓ Ready in 93ms
✓ Running next.config.ts took 19ms
npm warn Unknown env config "devdir". This will stop working in the next major version of npm.

> tasks-temp@0.1.0 start
> next start

▲ Next.js 16.3.3
- Local:         http://localhost:3000
- Network:       http://192.168.219.100:3000
✓ Ready in 66ms
✓ Running next.config.ts took 16ms

> tasks-temp@0.1.0 start
> next start

▲ Next.js 16.3.3
- Local:         http://localhost:3000
- Network:       http://192.168.219.100:3000
✓ Ready in 69ms
✓ Running next.config.ts took 14ms
npm warn Unknown env config "devdir". This will stop working in the next major version of npm.

> tasks-temp@0.1.0 start
> next start

▲ Next.js 16.3.3
- Local:         http://localhost:3000
- Network:       http://192.168.219.100:3000
✓ Ready in 77ms
✓ Running next.config.ts took 14ms

> tasks-temp@0.1.0 start
> next start

▲ Next.js 16.3.3
- Local:         http://localhost:3000
- Network:       http://192.168.219.100:3000
✓ Ready in 67ms
✓ Running next.config.ts took 16ms
